type octile
height 46
width 76
map
TTTTTTTTTTTTTTTTTTTTTTTTTTTTTTTTTTTTTTTTTTTTTTTTTTTTTTTTTTTTTTTTTTTTTTTTTTTT
T....T.........T........................T.............................E....T
T....T.........T........................T..................................T
T....T....T....T....T.........TTTTTT....T....TTTTTTTTTTTTTTTT....T....TTTTTT
T....T....T.........T.........T.........T...................T....T.........T
T....T....T.........T.........T.........T...................T....T.........T
T....TTTTTTTTTTTTTTTT.........TTTTTTTTTTT....TTTTTT.........T....TTTTTT....T
T...................T.........T..............T..............T....T.........T
T...................T.........T..............T..............T....T.........T
TTTTTTTTTTTTTTTT....T.........T....TTTTTTTTTTT....T.........T....T....TTTTTT
T..............T....T.........T....T.........T....T.........T....T.........T
T..............T....T.........T....T.........T....T.........T....T.........T
T....TTTTTT....T....T.........T....T....TTTTTT....T.........T....TTTTTT....T
T.........T....T....T...................T.........T.........T.........T....T
T.........T....T....T...................T.........T.........T.........T....T
TTTTTT....T....T....T..........TTTTTTTTTT....TTTTTT.........TTTTTTTTTTT....T
T.........T....T...................T.........T........................T....T
T.........T....T...................T.........T........................T....T
T....TTTTTT....TTTTTTTTTTTTTTTT....T....TTTTTT....TTTTTTTTTTTTTTTT....T....T
T....T........................T.........T........................T....T....T
T....T........................T.........T........................T....T....T
TTTTTT....T..........TTTTTTTTTTTTTTTTTTTTTTTTTTTTTTTTTTTTTTTT....T....T....T
T.........T............................................T.........T.........T
T.........T............................................T.........T.........T
T....TTTTTT.........TTTTTTTTTTT....TTTTTTTTTTTTTTTT....T....T....TTTTTT....T
T....T..............T....T.........T..............T.........T....T.........T
T....T..............T....T.........T..............T.........T....T.........T
T....TTTTTT.........T....T....TTTTTTTTTTT....T....TTTTTTTTTTT....T....TTTTTT
T.........T..............T....T..............T..............T....T....T....T
T.........T..............T....T..............T..............T....T....T....T
T....T....TTTTTT....TTTTTT....T.........TTTTTTTTTTTTTTTTTTTTT....T....T....T
T....T..............T.........T.........T...................T....T.........T
T....T..............T.........T.........T...................T....T.........T
T....TTTTTTTTTTTTTTTT....TTTTTT.........T....TTTTTTTTTTT....T....TTTTTT....T
T...................T....T..............T....T.........T.........T.........T
T...................T....T..............T....T.........T.........T.........T
TTTTTTTTTTT.........T....T.........TTTTTT....T....T....TTTTTTTTTTT....TTTTTT
T....T..............T.............................T..............T....T....T
T....T..............T.............................T..............T....T....T
T....T....TTTTTTTTTTTTTTTT.........TTTTTTTTTTTTTTTTTTTTTTTTTT....T....T....T
T.........T........J.........................T..............T....T.........T
T.........T..................................T..............T....T.........T
T....TTTTTT....TTTTTTTTTTTTTTTTTTTTTTTTTTTTTTT....TTTTTT....TTTTTTTTTTT....T
T.........T............................................T...................T
T.........T............................................T...................T
TTTTTTTTTTTTTTTTTTTTTTTTTTTTTTTTTTTTTTTTTTTTTTTTTTTTTTTTTTTTTTTTTTTTTTTTTTTT